2026-01-20 13:50:36 [info]: Server is running on http://localhost:3000
2026-01-20 13:50:59 [info]: Server is running on http://localhost:3000
2026-01-20 13:51:29 [info]: Server is running on http://localhost:3000
2026-01-20 13:51:35 [info]: Server is running on http://localhost:3000
2026-01-20 13:51:47 [info]: Server is running on http://localhost:3000
2026-01-20 13:51:58 [info]: Server is running on http://localhost:3000
2026-01-20 13:52:05 [info]: Server is running on http://localhost:3000
2026-01-20 13:52:09 [info]: Server is running on http://localhost:3000
2026-01-20 13:52:17 [info]: Server is running on http://localhost:3000
2026-01-20 13:52:21 [info]: Server is running on http://localhost:3000
2026-01-20 13:52:37 [info]: Server is running on http://localhost:3000
undefined [info]: Server is running on http://localhost:3000
 [info] undefined: Server is running on http://localhost:3000
 [info] 2026-01-20 13:54:02: Server is running on http://localhost:3000
 [info] 2026-01-20 13:54:39: Server is running on http://localhost:3000
 [info] 2026-01-20 13:55:34: Server is running on http://localhost:3000
 [info] 2026-01-20 13:56:11: Server is running on http://localhost:3000
 [info] 2026-01-20 13:58:48: MongoDB connected !! DB HOST: ac-ly5cuqm-shard-00-02.ansfkcy.mongodb.net
 [info] 2026-01-20 13:58:48: Server is running on http://localhost:3000
 [info] 2026-01-20 14:13:19: MongoDB connected !! DB HOST: ac-ly5cuqm-shard-00-02.ansfkcy.mongodb.net
 [info] 2026-01-20 14:13:19: Server is running on http://localhost:3000
 [info] 2026-01-20 16:43:08: MongoDB connected !! DB HOST: ac-ly5cuqm-shard-00-01.ansfkcy.mongodb.net
 [info] 2026-01-20 16:43:08: Server is running on http://localhost:3000
 [info] 2026-01-20 16:43:17: MongoDB connected !! DB HOST: ac-ly5cuqm-shard-00-00.ansfkcy.mongodb.net
 [info] 2026-01-20 16:43:17: Server is running on http://localhost:3000
 [info] 2026-01-20 16:45:35: MongoDB connected !! DB HOST: ac-ly5cuqm-shard-00-02.ansfkcy.mongodb.net
 [info] 2026-01-20 16:45:35: Server is running on http://localhost:3000
 [info] 2026-01-20 16:45:43: MongoDB connected !! DB HOST: ac-ly5cuqm-shard-00-01.ansfkcy.mongodb.net
 [info] 2026-01-20 16:45:43: Server is running on http://localhost:3000
 [info] 2026-01-20 16:46:13: MongoDB connected !! DB HOST: ac-ly5cuqm-shard-00-00.ansfkcy.mongodb.net
 [info] 2026-01-20 16:46:13: Server is running on http://localhost:3000
 [info] 2026-01-20 16:46:22: MongoDB connected !! DB HOST: ac-ly5cuqm-shard-00-00.ansfkcy.mongodb.net
 [info] 2026-01-20 16:46:22: Server is running on http://localhost:3000
 [info] 2026-01-20 16:46:50: MongoDB connected !! DB HOST: ac-ly5cuqm-shard-00-01.ansfkcy.mongodb.net
 [info] 2026-01-20 16:46:50: Server is running on http://localhost:3000
 [info] 2026-01-20 16:47:05: MongoDB connected !! DB HOST: ac-ly5cuqm-shard-00-01.ansfkcy.mongodb.net
 [info] 2026-01-20 16:47:05: Server is running on http://localhost:3000
 [info] 2026-01-20 16:47:16: MongoDB connected !! DB HOST: ac-ly5cuqm-shard-00-01.ansfkcy.mongodb.net
 [info] 2026-01-20 16:47:16: Server is running on http://localhost:3000
 [info] 2026-01-20 17:16:24: MongoDB connected !! DB HOST: ac-ly5cuqm-shard-00-01.ansfkcy.mongodb.net
 [info] 2026-01-20 17:16:24: Server is running on http://localhost:3000
 [info] 2026-01-20 17:49:28: MongoDB connected !! DB HOST: ac-ly5cuqm-shard-00-00.ansfkcy.mongodb.net
 [info] 2026-01-20 17:49:28: Server is running on http://localhost:3000
 [info] 2026-01-20 17:50:40: MongoDB connected !! DB HOST: ac-ly5cuqm-shard-00-01.ansfkcy.mongodb.net
 [info] 2026-01-20 17:50:40: Server is running on http://localhost:3000
 [info] 2026-01-20 17:52:07: MongoDB connected !! DB HOST: ac-ly5cuqm-shard-00-00.ansfkcy.mongodb.net
 [info] 2026-01-20 17:52:08: Server is running on http://localhost:3000
 [info] 2026-01-20 18:08:45: MongoDB connected !! DB HOST: ac-ly5cuqm-shard-00-02.ansfkcy.mongodb.net
 [info] 2026-01-20 18:08:45: Server is running on http://localhost:3000
 [info] 2026-01-20 18:35:20: MongoDB connected !! DB HOST: ac-ly5cuqm-shard-00-00.ansfkcy.mongodb.net
 [info] 2026-01-20 18:35:20: Server is running on http://localhost:3000
 [info] 2026-01-20 18:38:09: MongoDB connected !! DB HOST: ac-ly5cuqm-shard-00-02.ansfkcy.mongodb.net
 [info] 2026-01-20 18:38:09: Server is running on http://localhost:3000
 [info] 2026-01-20 18:38:54: MongoDB connected !! DB HOST: ac-ly5cuqm-shard-00-02.ansfkcy.mongodb.net
 [info] 2026-01-20 18:38:54: Server is running on http://localhost:3000
 [info] 2026-01-20 18:43:11: MongoDB connected !! DB HOST: ac-ly5cuqm-shard-00-01.ansfkcy.mongodb.net
 [info] 2026-01-20 18:43:11: Server is running on http://localhost:3000
 [info] 2026-01-20 18:58:09: MongoDB connected !! DB HOST: ac-ly5cuqm-shard-00-00.ansfkcy.mongodb.net
 [info] 2026-01-20 18:58:09: Server is running on http://localhost:3000
 [info] 2026-01-20 19:01:08: MongoDB connected !! DB HOST: ac-ly5cuqm-shard-00-01.ansfkcy.mongodb.net
 [info] 2026-01-20 19:01:08: Server is running on http://localhost:3000
 [info] 2026-01-20 19:01:47: MongoDB connected !! DB HOST: ac-ly5cuqm-shard-00-01.ansfkcy.mongodb.net
 [info] 2026-01-20 19:01:47: Server is running on http://localhost:3000
 [info] 2026-01-20 19:10:10: MongoDB connected !! DB HOST: ac-ly5cuqm-shard-00-00.ansfkcy.mongodb.net
 [info] 2026-01-20 19:10:10: Server is running on http://localhost:3000
 [info] 2026-01-20 19:10:20: MongoDB connected !! DB HOST: ac-ly5cuqm-shard-00-00.ansfkcy.mongodb.net
 [info] 2026-01-20 19:10:20: Server is running on http://localhost:3000
 [info] 2026-01-20 19:11:17: MongoDB connected !! DB HOST: ac-ly5cuqm-shard-00-01.ansfkcy.mongodb.net
 [info] 2026-01-20 19:11:17: Server is running on http://localhost:3000
 [info] 2026-01-20 19:13:58: MongoDB connected !! DB HOST: ac-ly5cuqm-shard-00-00.ansfkcy.mongodb.net
 [info] 2026-01-20 19:13:58: Server is running on http://localhost:3000
 [info] 2026-01-20 19:18:48: MongoDB connected !! DB HOST: ac-ly5cuqm-shard-00-02.ansfkcy.mongodb.net
 [info] 2026-01-20 19:18:48: Server is running on http://localhost:3000
 [info] 2026-01-20 19:19:27: MongoDB connected !! DB HOST: ac-ly5cuqm-shard-00-02.ansfkcy.mongodb.net
 [info] 2026-01-20 19:19:27: Server is running on http://localhost:3000
 [info] 2026-01-20 19:21:13: MongoDB connected !! DB HOST: ac-ly5cuqm-shard-00-01.ansfkcy.mongodb.net
 [info] 2026-01-20 19:21:13: Server is running on http://localhost:3000
 [info] 2026-01-20 19:21:27: MongoDB connected !! DB HOST: ac-ly5cuqm-shard-00-01.ansfkcy.mongodb.net
 [info] 2026-01-20 19:21:27: Server is running on http://localhost:3000
 [info] 2026-01-20 19:21:35: MongoDB connected !! DB HOST: ac-ly5cuqm-shard-00-01.ansfkcy.mongodb.net
 [info] 2026-01-20 19:21:35: Server is running on http://localhost:3000
 [info] 2026-01-20 19:21:41: MongoDB connected !! DB HOST: ac-ly5cuqm-shard-00-02.ansfkcy.mongodb.net
 [info] 2026-01-20 19:21:41: Server is running on http://localhost:3000
 [info] 2026-01-20 19:21:53: MongoDB connected !! DB HOST: ac-ly5cuqm-shard-00-01.ansfkcy.mongodb.net
 [info] 2026-01-20 19:21:53: Server is running on http://localhost:3000
 [info] 2026-01-20 19:22:01: MongoDB connected !! DB HOST: ac-ly5cuqm-shard-00-01.ansfkcy.mongodb.net
 [info] 2026-01-20 19:22:01: Server is running on http://localhost:3000
 [info] 2026-01-20 19:22:12: MongoDB connected !! DB HOST: ac-ly5cuqm-shard-00-01.ansfkcy.mongodb.net
 [info] 2026-01-20 19:22:12: Server is running on http://localhost:3000
 [info] 2026-01-20 19:23:37: MongoDB connected !! DB HOST: ac-ly5cuqm-shard-00-01.ansfkcy.mongodb.net
 [info] 2026-01-20 19:23:37: Server is running on http://localhost:3000
 [info] 2026-01-20 19:29:03: MongoDB connected !! DB HOST: ac-ly5cuqm-shard-00-02.ansfkcy.mongodb.net
 [info] 2026-01-20 19:29:03: Server is running on http://localhost:3000
 [info] 2026-01-21 14:02:20: MongoDB connected !! DB HOST: ac-ly5cuqm-shard-00-02.ansfkcy.mongodb.net
 [info] 2026-01-21 14:02:20: Server is running on http://localhost:3000
 [info] 2026-01-21 14:02:32: MongoDB connected !! DB HOST: ac-ly5cuqm-shard-00-02.ansfkcy.mongodb.net
 [info] 2026-01-21 14:02:32: Server is running on http://localhost:3000
 [info] 2026-01-21 14:02:43: MongoDB connected !! DB HOST: ac-ly5cuqm-shard-00-01.ansfkcy.mongodb.net
 [info] 2026-01-21 14:02:43: Server is running on http://localhost:3000
 [info] 2026-01-21 14:02:50: MongoDB connected !! DB HOST: ac-ly5cuqm-shard-00-02.ansfkcy.mongodb.net
 [info] 2026-01-21 14:02:50: Server is running on http://localhost:3000
 [info] 2026-01-21 14:02:56: MongoDB connected !! DB HOST: ac-ly5cuqm-shard-00-02.ansfkcy.mongodb.net
 [info] 2026-01-21 14:02:56: Server is running on http://localhost:3000
 [info] 2026-01-21 14:03:30: MongoDB connected !! DB HOST: ac-ly5cuqm-shard-00-01.ansfkcy.mongodb.net
 [info] 2026-01-21 14:03:30: Server is running on http://localhost:3000
 [info] 2026-01-21 14:03:37: MongoDB connected !! DB HOST: ac-ly5cuqm-shard-00-02.ansfkcy.mongodb.net
 [info] 2026-01-21 14:03:37: Server is running on http://localhost:3000
 [info] 2026-01-21 14:03:52: MongoDB connected !! DB HOST: ac-ly5cuqm-shard-00-00.ansfkcy.mongodb.net
 [info] 2026-01-21 14:03:52: Server is running on http://localhost:3000
 [info] 2026-01-21 14:03:55: MongoDB connected !! DB HOST: ac-ly5cuqm-shard-00-02.ansfkcy.mongodb.net
 [info] 2026-01-21 14:03:55: Server is running on http://localhost:3000
 [info] 2026-01-21 14:04:00: MongoDB connected !! DB HOST: ac-ly5cuqm-shard-00-02.ansfkcy.mongodb.net
 [info] 2026-01-21 14:04:00: Server is running on http://localhost:3000
 [info] 2026-01-21 14:04:03: MongoDB connected !! DB HOST: ac-ly5cuqm-shard-00-01.ansfkcy.mongodb.net
 [info] 2026-01-21 14:04:03: Server is running on http://localhost:3000
 [info] 2026-01-21 14:04:07: MongoDB connected !! DB HOST: ac-ly5cuqm-shard-00-02.ansfkcy.mongodb.net
 [info] 2026-01-21 14:04:07: Server is running on http://localhost:3000
 [info] 2026-01-21 14:04:28: MongoDB connected !! DB HOST: ac-ly5cuqm-shard-00-01.ansfkcy.mongodb.net
 [info] 2026-01-21 14:04:28: Server is running on http://localhost:3000
 [info] 2026-01-21 14:04:37: MongoDB connected !! DB HOST: ac-ly5cuqm-shard-00-00.ansfkcy.mongodb.net
 [info] 2026-01-21 14:04:37: Server is running on http://localhost:3000
 [info] 2026-01-21 14:04:39: MongoDB connected !! DB HOST: ac-ly5cuqm-shard-00-00.ansfkcy.mongodb.net
 [info] 2026-01-21 14:04:39: Server is running on http://localhost:3000
 [info] 2026-01-21 14:04:47: MongoDB connected !! DB HOST: ac-ly5cuqm-shard-00-01.ansfkcy.mongodb.net
 [info] 2026-01-21 14:04:47: Server is running on http://localhost:3000
 [info] 2026-01-21 14:04:55: MongoDB connected !! DB HOST: ac-ly5cuqm-shard-00-00.ansfkcy.mongodb.net
 [info] 2026-01-21 14:04:55: Server is running on http://localhost:3000
 [info] 2026-01-21 14:06:47: MongoDB connected !! DB HOST: ac-ly5cuqm-shard-00-02.ansfkcy.mongodb.net
 [info] 2026-01-21 14:06:47: Server is running on http://localhost:3000
 [info] 2026-01-21 14:07:18: MongoDB connected !! DB HOST: ac-ly5cuqm-shard-00-00.ansfkcy.mongodb.net
 [info] 2026-01-21 14:07:18: Server is running on http://localhost:3000
 [info] 2026-01-21 14:07:20: MongoDB connected !! DB HOST: ac-ly5cuqm-shard-00-00.ansfkcy.mongodb.net
 [info] 2026-01-21 14:07:20: Server is running on http://localhost:3000
 [info] 2026-01-21 14:11:09: MongoDB connected !! DB HOST: ac-ly5cuqm-shard-00-00.ansfkcy.mongodb.net
 [info] 2026-01-21 14:11:09: Server is running on http://localhost:3000
 [info] 2026-01-21 14:11:22: MongoDB connected !! DB HOST: ac-ly5cuqm-shard-00-01.ansfkcy.mongodb.net
 [info] 2026-01-21 14:11:22: Server is running on http://localhost:3000
 [info] 2026-01-21 14:11:54: MongoDB connected !! DB HOST: ac-ly5cuqm-shard-00-02.ansfkcy.mongodb.net
 [info] 2026-01-21 14:11:54: Server is running on http://localhost:3000
 [info] 2026-01-21 14:11:57: MongoDB connected !! DB HOST: ac-ly5cuqm-shard-00-00.ansfkcy.mongodb.net
 [info] 2026-01-21 14:11:57: Server is running on http://localhost:3000
 [info] 2026-01-21 14:12:18: MongoDB connected !! DB HOST: ac-ly5cuqm-shard-00-00.ansfkcy.mongodb.net
 [info] 2026-01-21 14:12:18: Server is running on http://localhost:3000
 [info] 2026-01-21 14:12:24: MongoDB connected !! DB HOST: ac-ly5cuqm-shard-00-00.ansfkcy.mongodb.net
 [info] 2026-01-21 14:12:24: Server is running on http://localhost:3000
 [info] 2026-01-21 14:12:32: MongoDB connected !! DB HOST: ac-ly5cuqm-shard-00-00.ansfkcy.mongodb.net
 [info] 2026-01-21 14:12:32: Server is running on http://localhost:3000
 [info] 2026-01-21 14:12:36: MongoDB connected !! DB HOST: ac-ly5cuqm-shard-00-00.ansfkcy.mongodb.net
 [info] 2026-01-21 14:12:36: Server is running on http://localhost:3000
 [info] 2026-01-21 14:12:39: MongoDB connected !! DB HOST: ac-ly5cuqm-shard-00-01.ansfkcy.mongodb.net
 [info] 2026-01-21 14:12:39: Server is running on http://localhost:3000
 [info] 2026-01-21 14:12:42: MongoDB connected !! DB HOST: ac-ly5cuqm-shard-00-00.ansfkcy.mongodb.net
 [info] 2026-01-21 14:12:42: Server is running on http://localhost:3000
 [info] 2026-01-21 14:12:56: MongoDB connected !! DB HOST: ac-ly5cuqm-shard-00-01.ansfkcy.mongodb.net
 [info] 2026-01-21 14:12:56: Server is running on http://localhost:3000
 [info] 2026-01-21 14:13:01: MongoDB connected !! DB HOST: ac-ly5cuqm-shard-00-00.ansfkcy.mongodb.net
 [info] 2026-01-21 14:13:01: Server is running on http://localhost:3000
 [info] 2026-01-21 14:13:07: MongoDB connected !! DB HOST: ac-ly5cuqm-shard-00-01.ansfkcy.mongodb.net
 [info] 2026-01-21 14:13:07: Server is running on http://localhost:3000
 [info] 2026-01-21 14:13:13: MongoDB connected !! DB HOST: ac-ly5cuqm-shard-00-02.ansfkcy.mongodb.net
 [info] 2026-01-21 14:13:13: Server is running on http://localhost:3000
 [info] 2026-01-21 14:13:31: MongoDB connected !! DB HOST: ac-ly5cuqm-shard-00-01.ansfkcy.mongodb.net
 [info] 2026-01-21 14:13:31: Server is running on http://localhost:3000
 [info] 2026-01-21 14:15:54: MongoDB connected !! DB HOST: ac-ly5cuqm-shard-00-01.ansfkcy.mongodb.net
 [info] 2026-01-21 14:15:54: Server is running on http://localhost:3000
 [info] 2026-01-21 14:18:25: MongoDB connected !! DB HOST: ac-ly5cuqm-shard-00-00.ansfkcy.mongodb.net
 [info] 2026-01-21 14:18:25: Server is running on http://localhost:3000
 [info] 2026-01-21 14:42:45: MongoDB connected !! DB HOST: ac-ly5cuqm-shard-00-01.ansfkcy.mongodb.net
 [info] 2026-01-21 14:42:45: Server running at http://localhost:3000
 [info] 2026-01-21 14:43:31: MongoDB connected !! DB HOST: ac-ly5cuqm-shard-00-01.ansfkcy.mongodb.net
 [info] 2026-01-21 14:43:31: Server running at http://localhost:3000
 [info] 2026-01-21 14:44:19: MongoDB connected !! DB HOST: ac-ly5cuqm-shard-00-00.ansfkcy.mongodb.net
 [info] 2026-01-21 14:44:19: Server running at http://localhost:3000
 [info] 2026-01-21 14:44:56: MongoDB connected !! DB HOST: ac-ly5cuqm-shard-00-01.ansfkcy.mongodb.net
 [info] 2026-01-21 14:44:56: Server running at http://localhost:3000
 [info] 2026-01-21 14:45:38: MongoDB connected !! DB HOST: ac-ly5cuqm-shard-00-00.ansfkcy.mongodb.net
 [info] 2026-01-21 14:45:38: Server running at http://localhost:3000
 [info] 2026-01-21 14:57:56: MongoDB connected !! DB HOST: ac-ly5cuqm-shard-00-02.ansfkcy.mongodb.net
 [info] 2026-01-21 14:57:56: Server running at http://localhost:3000
 [info] 2026-01-21 15:01:12: MongoDB connected !! DB HOST: ac-ly5cuqm-shard-00-01.ansfkcy.mongodb.net
 [info] 2026-01-21 15:01:12: Server running at http://localhost:3000
 [info] 2026-01-21 15:02:17: MongoDB connected !! DB HOST: ac-ly5cuqm-shard-00-01.ansfkcy.mongodb.net
 [info] 2026-01-21 15:02:17: Server running at http://localhost:3000
 [info] 2026-01-21 15:20:45: MongoDB connected !! DB HOST: ac-ly5cuqm-shard-00-02.ansfkcy.mongodb.net
 [info] 2026-01-21 15:20:45: Server running at http://localhost:3000
 [info] 2026-01-21 15:20:58: MongoDB connected !! DB HOST: ac-ly5cuqm-shard-00-02.ansfkcy.mongodb.net
 [info] 2026-01-21 15:20:58: Server running at http://localhost:3000
 [info] 2026-01-21 15:21:32: MongoDB connected !! DB HOST: ac-ly5cuqm-shard-00-01.ansfkcy.mongodb.net
 [info] 2026-01-21 15:21:32: Server running at http://localhost:3000
 [info] 2026-01-21 15:21:38: [Route Call] POST /api/v1/device/sync | status: 200 | user: Anonymous | device: a1b2c3d4e5 | IP: ::1
 [info] 2026-01-21 15:23:41: MongoDB connected !! DB HOST: ac-ly5cuqm-shard-00-02.ansfkcy.mongodb.net
 [info] 2026-01-21 15:23:41: Server running at http://localhost:3000
 [info] 2026-01-21 15:25:21: MongoDB connected !! DB HOST: ac-ly5cuqm-shard-00-01.ansfkcy.mongodb.net
 [info] 2026-01-21 15:25:21: Server running at http://localhost:3000
 [info] 2026-01-21 15:25:38: POST /api/v1/device/sync device:{{
  _id: new ObjectId('6970a9a2a973dd12bff9b24d'),
  ip: '::1',
  deviceId: 'a1b2cdsk3d4e5',
  class: 'lurker',
  info: { os: 'android', name: 'realme', version: '11.0' },
  del: false,
  createdAt: 2026-01-21T10:25:38.228Z,
  updatedAt: 2026-01-21T10:25:38.228Z,
  __v: 0
}}
 [info] 2026-01-21 15:26:35: POST /api/v1/device/sync device:{{
  _id: new ObjectId('6970a9a2a973dd12bff9b24d'),
  ip: '::1',
  deviceId: 'a1b2cdsk3d4e5',
  class: 'lurker',
  info: { os: 'android', name: 'realme', version: '11.0' },
  del: false,
  createdAt: 2026-01-21T10:25:38.228Z,
  updatedAt: 2026-01-21T10:25:38.228Z,
  __v: 0
}}
 [info] 2026-01-21 15:27:47: MongoDB connected !! DB HOST: ac-ly5cuqm-shard-00-02.ansfkcy.mongodb.net
 [info] 2026-01-21 15:27:47: Server running at http://localhost:3000
 [info] 2026-01-21 15:27:53: POST /api/v1/device/sync device:{
  _id: new ObjectId('6970a9a2a973dd12bff9b24d'),
  ip: '::1',
  deviceId: 'a1b2cdsk3d4e5',
  class: 'lurker',
  info: { os: 'android', name: 'realme', version: '11.0' },
  del: false,
  createdAt: 2026-01-21T10:25:38.228Z,
  updatedAt: 2026-01-21T10:25:38.228Z,
  __v: 0
}
 [info] 2026-01-21 15:29:01: MongoDB connected !! DB HOST: ac-ly5cuqm-shard-00-02.ansfkcy.mongodb.net
 [info] 2026-01-21 15:29:01: Server running at http://localhost:3000
 [info] 2026-01-21 15:29:20: MongoDB connected !! DB HOST: ac-ly5cuqm-shard-00-00.ansfkcy.mongodb.net
 [info] 2026-01-21 15:29:20: Server running at http://localhost:3000
 [info] 2026-01-21 15:29:24: POST /api/v1/device/sync device:{
  _id: new ObjectId('6970a9a2a973dd12bff9b24d'),
  ip: '::1',
  deviceId: 'a1b2cdsk3d4e5',
  class: 'lurker',
  info: { os: 'android', name: 'realme', version: '11.0' },
  createdAt: 2026-01-21T10:25:38.228Z,
  updatedAt: 2026-01-21T10:25:38.228Z
}
 [info] 2026-01-21 15:29:37: MongoDB connected !! DB HOST: ac-ly5cuqm-shard-00-01.ansfkcy.mongodb.net
 [info] 2026-01-21 15:29:37: Server running at http://localhost:3000
 [info] 2026-01-21 15:30:13: MongoDB connected !! DB HOST: ac-ly5cuqm-shard-00-00.ansfkcy.mongodb.net
 [info] 2026-01-21 15:30:13: Server running at http://localhost:3000
 [info] 2026-01-21 15:36:05: MongoDB connected !! DB HOST: ac-ly5cuqm-shard-00-02.ansfkcy.mongodb.net
 [info] 2026-01-21 15:36:05: Server running at http://localhost:3000
 [info] 2026-01-21 15:36:19: MongoDB connected !! DB HOST: ac-ly5cuqm-shard-00-00.ansfkcy.mongodb.net
 [info] 2026-01-21 15:36:19: Server running at http://localhost:3000
 [info] 2026-01-21 15:38:00: MongoDB connected !! DB HOST: ac-ly5cuqm-shard-00-02.ansfkcy.mongodb.net
 [info] 2026-01-21 15:38:00: Server running at http://localhost:3000
 [info] 2026-01-21 16:21:55: MongoDB connected !! DB HOST: ac-ly5cuqm-shard-00-00.ansfkcy.mongodb.net
 [info] 2026-01-21 16:21:55: Server running at http://localhost:3000
 [info] 2026-01-21 16:33:50: MongoDB connected !! DB HOST: ac-ly5cuqm-shard-00-01.ansfkcy.mongodb.net
 [info] 2026-01-21 16:33:50: Server running at http://localhost:3000
 [info] 2026-01-21 16:36:27: MongoDB connected !! DB HOST: ac-ly5cuqm-shard-00-02.ansfkcy.mongodb.net
 [info] 2026-01-21 16:36:27: Server running at http://localhost:3000
 [info] 2026-01-21 16:37:43: MongoDB connected !! DB HOST: ac-ly5cuqm-shard-00-01.ansfkcy.mongodb.net
 [info] 2026-01-21 16:37:43: Server running at http://localhost:3000
 [info] 2026-01-26 16:44:21: MongoDB connected !! DB HOST: ac-ly5cuqm-shard-00-01.ansfkcy.mongodb.net
 [info] 2026-01-26 16:44:21: Server running at http://localhost:3000
 [info] 2026-01-26 16:47:22: MongoDB connected !! DB HOST: ac-ly5cuqm-shard-00-02.ansfkcy.mongodb.net
 [info] 2026-01-26 16:47:22: Server running at http://localhost:3000
 [info] 2026-01-26 18:38:04: MongoDB connected !! DB HOST: ac-ly5cuqm-shard-00-02.ansfkcy.mongodb.net
 [info] 2026-01-26 18:38:04: Server running at http://localhost:3000
 [info] 2026-01-26 18:38:32: POST /api/v1/device/sync device:{
  _id: new ObjectId('6970a9a2a973dd12bff9b24d'),
  ip: '::1',
  deviceId: 'a1b2cdsk3d4e5',
  class: 'lurker',
  info: { os: 'android', name: 'realme', version: '11.0' },
  createdAt: 2026-01-21T10:25:38.228Z,
  updatedAt: 2026-01-21T10:25:38.228Z
}
 [info] 2026-01-26 18:41:45: MongoDB connected !! DB HOST: ac-ly5cuqm-shard-00-01.ansfkcy.mongodb.net
 [info] 2026-01-26 18:41:45: Server running at http://localhost:3000
 [info] 2026-01-26 18:42:51: MongoDB connected !! DB HOST: ac-ly5cuqm-shard-00-00.ansfkcy.mongodb.net
 [info] 2026-01-26 18:42:51: Server running at http://localhost:3000
 [info] 2026-01-26 18:44:08: MongoDB connected !! DB HOST: ac-ly5cuqm-shard-00-00.ansfkcy.mongodb.net
 [info] 2026-01-26 18:44:08: Server running at http://localhost:3000
 [info] 2026-01-26 18:45:17: MongoDB connected !! DB HOST: ac-ly5cuqm-shard-00-01.ansfkcy.mongodb.net
 [info] 2026-01-26 18:45:17: Server running at http://localhost:3000
 [info] 2026-01-26 18:46:02: MongoDB connected !! DB HOST: ac-ly5cuqm-shard-00-02.ansfkcy.mongodb.net
 [info] 2026-01-26 18:46:02: Server running at http://localhost:3000
 [info] 2026-01-26 18:46:15: MongoDB connected !! DB HOST: ac-ly5cuqm-shard-00-00.ansfkcy.mongodb.net
 [info] 2026-01-26 18:46:15: Server running at http://localhost:3000
 [info] 2026-01-26 18:51:23: MongoDB connected !! DB HOST: ac-ly5cuqm-shard-00-00.ansfkcy.mongodb.net
 [info] 2026-01-26 18:51:23: Server running at http://localhost:3000
 [info] 2026-01-26 18:51:38: MongoDB connected !! DB HOST: ac-ly5cuqm-shard-00-01.ansfkcy.mongodb.net
 [info] 2026-01-26 18:51:38: Server running at http://localhost:3000
 [info] 2026-01-26 18:52:36: MongoDB connected !! DB HOST: ac-ly5cuqm-shard-00-02.ansfkcy.mongodb.net
 [info] 2026-01-26 18:52:36: Server running at http://localhost:3000
 [info] 2026-01-26 18:53:07: MongoDB connected !! DB HOST: ac-ly5cuqm-shard-00-02.ansfkcy.mongodb.net
 [info] 2026-01-26 18:53:07: Server running at http://localhost:3000
 [info] 2026-01-26 18:53:25: MongoDB connected !! DB HOST: ac-ly5cuqm-shard-00-01.ansfkcy.mongodb.net
 [info] 2026-01-26 18:53:25: Server running at http://localhost:3000
 [info] 2026-01-26 18:53:58: MongoDB connected !! DB HOST: ac-ly5cuqm-shard-00-01.ansfkcy.mongodb.net
 [info] 2026-01-26 18:53:58: Server running at http://localhost:3000
 [info] 2026-01-26 18:54:18: MongoDB connected !! DB HOST: ac-ly5cuqm-shard-00-02.ansfkcy.mongodb.net
 [info] 2026-01-26 18:54:18: Server running at http://localhost:3000
 [info] 2026-01-26 18:54:29: MongoDB connected !! DB HOST: ac-ly5cuqm-shard-00-02.ansfkcy.mongodb.net
 [info] 2026-01-26 18:54:29: Server running at http://localhost:3000
 [info] 2026-01-26 18:55:13: MongoDB connected !! DB HOST: ac-ly5cuqm-shard-00-02.ansfkcy.mongodb.net
 [info] 2026-01-26 18:55:13: Server running at http://localhost:3000
 [info] 2026-01-26 18:55:32: MongoDB connected !! DB HOST: ac-ly5cuqm-shard-00-02.ansfkcy.mongodb.net
 [info] 2026-01-26 18:55:32: Server running at http://localhost:3000
 [info] 2026-01-26 18:56:03: MongoDB connected !! DB HOST: ac-ly5cuqm-shard-00-01.ansfkcy.mongodb.net
 [info] 2026-01-26 18:56:03: Server running at http://localhost:3000
 [info] 2026-01-26 18:56:33: MongoDB connected !! DB HOST: ac-ly5cuqm-shard-00-02.ansfkcy.mongodb.net
 [info] 2026-01-26 18:56:33: Server running at http://localhost:3000
 [info] 2026-01-26 18:56:48: MongoDB connected !! DB HOST: ac-ly5cuqm-shard-00-01.ansfkcy.mongodb.net
 [info] 2026-01-26 18:56:48: Server running at http://localhost:3000
 [info] 2026-01-26 18:58:02: MongoDB connected !! DB HOST: ac-ly5cuqm-shard-00-02.ansfkcy.mongodb.net
 [info] 2026-01-26 18:58:02: Server running at http://localhost:3000
 [info] 2026-01-26 18:58:47: MongoDB connected !! DB HOST: ac-ly5cuqm-shard-00-00.ansfkcy.mongodb.net
 [info] 2026-01-26 18:58:47: Server running at http://localhost:3000
 [info] 2026-01-26 18:59:23: MongoDB connected !! DB HOST: ac-ly5cuqm-shard-00-02.ansfkcy.mongodb.net
 [info] 2026-01-26 18:59:23: Server running at http://localhost:3000
 [info] 2026-01-26 19:00:05: MongoDB connected !! DB HOST: ac-ly5cuqm-shard-00-02.ansfkcy.mongodb.net
 [info] 2026-01-26 19:00:05: Server running at http://localhost:3000
 [info] 2026-01-26 19:02:44: POST /create-user device:null
 [info] 2026-01-26 19:03:42: MongoDB connected !! DB HOST: ac-ly5cuqm-shard-00-02.ansfkcy.mongodb.net
 [info] 2026-01-26 19:03:42: Server running at http://localhost:3000
 [info] 2026-01-26 19:19:36: MongoDB connected !! DB HOST: ac-ly5cuqm-shard-00-00.ansfkcy.mongodb.net
 [info] 2026-01-26 19:19:36: Server running at http://localhost:3000
 [info] 2026-01-26 19:21:14: POST /api/v1/user/ device:null
 [info] 2026-01-26 19:22:05: POST /api/v1/user/create-user device:null
 [info] 2026-01-26 19:22:31: POST /api/v1/user/create-user device:null
 [info] 2026-01-26 19:22:47: MongoDB connected !! DB HOST: ac-ly5cuqm-shard-00-02.ansfkcy.mongodb.net
 [info] 2026-01-26 19:22:47: Server running at http://localhost:3000
 [info] 2026-01-26 19:22:56: POST /api/v1/user/create-user device:null
 [info] 2026-01-26 19:23:37: MongoDB connected !! DB HOST: ac-ly5cuqm-shard-00-02.ansfkcy.mongodb.net
 [info] 2026-01-26 19:23:37: Server running at http://localhost:3000
 [info] 2026-01-26 19:23:48: POST /api/v1/user/create-user device:null
 [info] 2026-02-03 12:19:55: MongoDB connected !! DB HOST: ac-ly5cuqm-shard-00-02.ansfkcy.mongodb.net
 [info] 2026-02-03 12:19:55: Server running at http://localhost:3000
